
> frontend@0.0.0 build
> ng build

[33m>[39m Building...
[32mΓêÜ[39m Building...
Application bundle generation failed. [12.706 seconds] - 2026-04-23T17:18:46.523Z

node.exe : [1m[31m[31mX [41;31m[[41;97mERROR[41;31m][0m [1mTS4111: Property 'xCircle' comes from an index 
signature, so it must be accessed with ['xCircle'].[0m [1m[35m[plugin angular-compiler][0m
At line:1 char:1
+ & "C:\Program Files\nodejs/node.exe" "C:\Program Files\nodejs/node_mo ...
+ ~~~~~~~~~~~~~~~~~~~~~~~~~~~~~~~~~~~~~~~~~~~~~~~~~~~~~~~~~~~~~~~~~~~~~
    + CategoryInfo          : NotSpecified: ([1m[31m[31mX...r-compiler][0m:String) [], RemoteException
    + FullyQualifiedErrorId : NativeCommandError
 

    src/app/features/lecturer-selection/components/lecturer-registration-card.component.html:42:36:
[37m      42 Γöé ...  <lucide-icon [img]="icons.[32mxCircle[37m" class="w-3.5 h-3.5"></luci...
         Γò╡                                [32m~~~~~~~[0m

  Error occurs in the template of component LecturerRegistrationCardComponent.

    src/app/features/lecturer-selection/components/lecturer-registration-card.component.ts:12:15:
[37m      12 Γöé   templateUrl: [32m'./lecturer-registration-card.component.html'[37m,
         Γò╡                [32m~~~~~~~~~~~~~~~~~~~~~~~~~~~~~~~~~~~~~~~~~~~~~[0m


[31mX [41;31m[[41;97mERROR[41;31m][0m [1mTS4111: Property 'search' comes from an index signature, so it must be 
accessed with ['search'].[0m [1m[35m[plugin angular-compiler][0m

    src/app/features/lecturer-selection/lecturer-selection.component.html:38:42:
[37m      38 Γöé ...   <lucide-icon [img]="icons.[32msearch[37m" class="w-4 h-4"></lucide-i...
         Γò╡                                 [32m~~~~~~[0m

  Error occurs in the template of component LecturerSelectionComponent.

    src/app/features/lecturer-selection/lecturer-selection.component.ts:35:15:
[37m      35 Γöé   templateUrl: [32m'./lecturer-selection.component.html'[37m,
         Γò╡                [32m~~~~~~~~~~~~~~~~~~~~~~~~~~~~~~~~~~~~~[0m


[31mX [41;31m[[41;97mERROR[41;31m][0m [1mTS4111: Property 'checkCheck' comes from an index signature, so it must 
be accessed with ['checkCheck'].[0m [1m[35m[plugin angular-compiler][0m

    src/app/features/lecturer-selection/lecturer-selection.component.html:99:42:
[37m      99 Γöé ... <lucide-icon [img]="icons.[32mcheckCheck[37m" class="w-4 h-4"></lucide...
         Γò╡                               [32m~~~~~~~~~~[0m

  Error occurs in the template of component LecturerSelectionComponent.

    src/app/features/lecturer-selection/lecturer-selection.component.ts:35:15:
[37m      35 Γöé   templateUrl: [32m'./lecturer-selection.component.html'[37m,
         Γò╡                [32m~~~~~~~~~~~~~~~~~~~~~~~~~~~~~~~~~~~~~[0m


[31mX [41;31m[[41;97mERROR[41;31m][0m [1mTS4111: Property 'inbox' comes from an index signature, so it must be 
accessed with ['inbox'].[0m [1m[35m[plugin angular-compiler][0m

    src/app/features/lecturer-selection/lecturer-selection.component.html:115:43:
[37m      115 Γöé ...   <lucide-icon [img]="icons.[32minbox[37m" class="w-8 h-8"></lucide-i...
          Γò╡                                 [32m~~~~~[0m

  Error occurs in the template of component LecturerSelectionComponent.

    src/app/features/lecturer-selection/lecturer-selection.component.ts:35:15:
[37m      35 Γöé   templateUrl: [32m'./lecturer-selection.component.html'[37m,
         Γò╡                [32m~~~~~~~~~~~~~~~~~~~~~~~~~~~~~~~~~~~~~[0m


[31mX [41;31m[[41;97mERROR[41;31m][0m [1mTS4111: Property 'circleAlert' comes from an index signature, so it 
must be accessed with ['circleAlert'].[0m [1m[35m[plugin angular-compiler][0m

    src/app/features/major-selection/major-selection.component.html:37:42:
[37m      37 Γöé ...<lucide-icon [img]="icons.[32mcircleAlert[37m" class="w-4 h-4"></lucide...
         Γò╡                              [32m~~~~~~~~~~~[0m

  Error occurs in the template of component MajorSelectionComponent.

    src/app/features/major-selection/major-selection.component.ts:24:15:
[37m      24 Γöé   templateUrl: [32m'./major-selection.component.html'[37m,
         Γò╡                [32m~~~~~~~~~~~~~~~~~~~~~~~~~~~~~~~~~~[0m


[31mX [41;31m[[41;97mERROR[41;31m][0m [1mTS4111: Property 'info' comes from an index signature, so it must be 
accessed with ['info'].[0m [1m[35m[plugin angular-compiler][0m

    src/app/features/major-selection/major-selection.component.html:104:40:
[37m      104 Γöé ...   <lucide-icon [img]="icons.[32minfo[37m" class="w-4 h-4"></lucide-icon>
          Γò╡                                 [32m~~~~[0m

  Error occurs in the template of component MajorSelectionComponent.

    src/app/features/major-selection/major-selection.component.ts:24:15:
[37m      24 Γöé   templateUrl: [32m'./major-selection.component.html'[37m,
         Γò╡                [32m~~~~~~~~~~~~~~~~~~~~~~~~~~~~~~~~~~[0m


[31mX [41;31m[[41;97mERROR[41;31m][0m [1mTS1205: Re-exporting a type when 'isolatedModules' is enabled requires 
using 'export type'.[0m [1m[35m[plugin angular-compiler][0m

    src/app/features/major-selection/major-selection.models.ts:3:9:
[37m      3 Γöé export { [32mProjectPeriodResponse[37m, SemesterPublicResponse } from '../p...
        Γò╡          [32m~~~~~~~~~~~~~~~~~~~~~[0m


[31mX [41;31m[[41;97mERROR[41;31m][0m [1mTS1205: Re-exporting a type when 'isolatedModules' is enabled requires 
using 'export type'.[0m [1m[35m[plugin angular-compiler][0m

    src/app/features/major-selection/major-selection.models.ts:3:32:
[37m      3 Γöé ...ojectPeriodResponse, [32mSemesterPublicResponse[37m } from '../pdt/pdt-t...
        Γò╡                         [32m~~~~~~~~~~~~~~~~~~~~~~[0m


[31mX [41;31m[[41;97mERROR[41;31m][0m [1mTS2304: Cannot find name 'ProjectPeriodResponse'.[0m [1m[35m[plugin 
angular-compiler][0m

    src/app/features/major-selection/major-selection.models.ts:56:76:
[37m      56 Γöé ...agedApiResponse = ApiResponse<PagedResult<[32mProjectPeriodResponse[37m>>;
         Γò╡                                              [32m~~~~~~~~~~~~~~~~~~~~~[0m


[31mX [41;31m[[41;97mERROR[41;31m][0m [1mTS2304: Cannot find name 'SemesterPublicResponse'.[0m [1m[35m[plugin 
angular-compiler][0m

    src/app/features/major-selection/major-selection.models.ts:57:50:
[37m      57 Γöé ...e SemesterListApiResponse = ApiResponse<[32mSemesterPublicResponse[37m[]>;
         Γò╡                                            [32m~~~~~~~~~~~~~~~~~~~~~~[0m


[31mX [41;31m[[41;97mERROR[41;31m][0m [1mTS4111: Property 'wandSparkles' comes from an index signature, so it 
must be accessed with ['wandSparkles'].[0m [1m[35m[plugin angular-compiler][0m

    src/app/features/pdt/components/pdt-allocation-tab.component.html:10:34:
[37m      10 Γöé ...<lucide-icon [img]="icons.[32mwandSparkles[37m" class="w-3 h-3"></lucid...
         Γò╡                              [32m~~~~~~~~~~~~[0m

  Error occurs in the template of component PdtAllocationTabComponent.

    src/app/features/pdt/components/pdt-allocation-tab.component.ts:12:15:
[37m      12 Γöé   templateUrl: [32m'./pdt-allocation-tab.component.html'[37m,
         Γò╡                [32m~~~~~~~~~~~~~~~~~~~~~~~~~~~~~~~~~~~~~[0m


[31mX [41;31m[[41;97mERROR[41;31m][0m [1mTS4111: Property 'search' comes from an index signature, so it must be 
accessed with ['search'].[0m [1m[35m[plugin angular-compiler][0m

    src/app/features/pdt/components/pdt-allocation-tab.component.html:22:36:
[37m      22 Γöé ...   <lucide-icon [img]="icons.[32msearch[37m" class="w-3 h-3 text-slate-...
         Γò╡                                 [32m~~~~~~[0m

  Error occurs in the template of component PdtAllocationTabComponent.

    src/app/features/pdt/components/pdt-allocation-tab.component.ts:12:15:
[37m      12 Γöé   templateUrl: [32m'./pdt-allocation-tab.component.html'[37m,
         Γò╡                [32m~~~~~~~~~~~~~~~~~~~~~~~~~~~~~~~~~~~~~[0m


[31mX [41;31m[[41;97mERROR[41;31m][0m [1mTS4111: Property 'arrowRight' comes from an index signature, so it must 
be accessed with ['arrowRight'].[0m [1m[35m[plugin angular-compiler][0m

    src/app/features/pdt/components/pdt-allocation-tab.component.html:35:42:
[37m      35 Γöé ... <lucide-icon [img]="icons.[32marrowRight[37m" class="w-4 h-4"></lucide...
         Γò╡                               [32m~~~~~~~~~~[0m

  Error occurs in the template of component PdtAllocationTabComponent.

    src/app/features/pdt/components/pdt-allocation-tab.component.ts:12:15:
[37m      12 Γöé   templateUrl: [32m'./pdt-allocation-tab.component.html'[37m,
         Γò╡                [32m~~~~~~~~~~~~~~~~~~~~~~~~~~~~~~~~~~~~~[0m


[31mX [41;31m[[41;97mERROR[41;31m][0m [1mTS4111: Property 'download' comes from an index signature, so it must 
be accessed with ['download'].[0m [1m[35m[plugin angular-compiler][0m

    src/app/features/pdt/components/pdt-report-tab.component.html:8:32:
[37m      8 Γöé ...  <lucide-icon [img]="icons.[32mdownload[37m" class="w-4 h-4"></lucide-i...
        Γò╡                                [32m~~~~~~~~[0m

  Error occurs in the template of component PdtReportTabComponent.

    src/app/features/pdt/components/pdt-report-tab.component.ts:14:15:
[37m      14 Γöé   templateUrl: [32m'./pdt-report-tab.component.html'[37m,
         Γò╡                [32m~~~~~~~~~~~~~~~~~~~~~~~~~~~~~~~~~[0m


[31mX [41;31m[[41;97mERROR[41;31m][0m [1mTS4111: Property 'building2' comes from an index signature, so it must 
be accessed with ['building2'].[0m [1m[35m[plugin angular-compiler][0m

    src/app/features/pdt/components/pdt-report-tab.component.html:21:86:
[37m      21 Γöé ...><lucide-icon [img]="icons.[32mbuilding2[37m" class="w-5 h-5"></lucide-...
         Γò╡                               [32m~~~~~~~~~[0m

  Error occurs in the template of component PdtReportTabComponent.

    src/app/features/pdt/components/pdt-report-tab.component.ts:14:15:
[37m      14 Γöé   templateUrl: [32m'./pdt-report-tab.component.html'[37m,
         Γò╡                [32m~~~~~~~~~~~~~~~~~~~~~~~~~~~~~~~~~[0m


[31mX [41;31m[[41;97mERROR[41;31m][0m [1mTS4111: Property 'users' comes from an index signature, so it must be 
accessed with ['users'].[0m [1m[35m[plugin angular-compiler][0m

    src/app/features/pdt/components/pdt-report-tab.component.html:34:42:
[37m      34 Γöé ...   <lucide-icon [img]="icons.[32musers[37m" class="w-4 h-4 text-slate-4...
         Γò╡                                 [32m~~~~~[0m

  Error occurs in the template of component PdtReportTabComponent.

    src/app/features/pdt/components/pdt-report-tab.component.ts:14:15:
[37m      14 Γöé   templateUrl: [32m'./pdt-report-tab.component.html'[37m,
         Γò╡                [32m~~~~~~~~~~~~~~~~~~~~~~~~~~~~~~~~~[0m


[31mX [41;31m[[41;97mERROR[41;31m][0m [1mTS4111: Property 'chevronDown' comes from an index signature, so it 
must be accessed with ['chevronDown'].[0m [1m[35m[plugin angular-compiler][0m

    src/app/features/pdt/components/pdt-report-tab.component.html:46:40:
[37m      46 Γöé ...<lucide-icon [img]="icons.[32mchevronDown[37m" class="w-6 h-6 text-slat...
         Γò╡                              [32m~~~~~~~~~~~[0m

  Error occurs in the template of component PdtReportTabComponent.

    src/app/features/pdt/components/pdt-report-tab.component.ts:14:15:
[37m      14 Γöé   templateUrl: [32m'./pdt-report-tab.component.html'[37m,
         Γò╡                [32m~~~~~~~~~~~~~~~~~~~~~~~~~~~~~~~~~[0m


[31mX [41;31m[[41;97mERROR[41;31m][0m [1mTS4111: Property 'plus' comes from an index signature, so it must be 
accessed with ['plus'].[0m [1m[35m[plugin angular-compiler][0m

    src/app/features/pdt/components/pdt-time-tab.component.html:12:32:
[37m      12 Γöé       <lucide-icon [img]="icons.[32mplus[37m" class="w-4 h-4"></lucide-icon>
         Γò╡                                 [32m~~~~[0m

  Error occurs in the template of component PdtTimeTabComponent.

    src/app/features/pdt/components/pdt-time-tab.component.ts:23:15:
[37m      23 Γöé   templateUrl: [32m'./pdt-time-tab.component.html'[37m,
         Γò╡                [32m~~~~~~~~~~~~~~~~~~~~~~~~~~~~~~~[0m


[31mX [41;31m[[41;97mERROR[41;31m][0m [1mTS4111: Property 'search' comes from an index signature, so it must be 
accessed with ['search'].[0m [1m[35m[plugin angular-compiler][0m

    src/app/features/pdt/components/pdt-time-tab.component.html:20:32:
[37m      20 Γöé       <lucide-icon [img]="icons.[32msearch[37m" class="w-4 h-4 absolute le...
         Γò╡                                 [32m~~~~~~[0m

  Error occurs in the template of component PdtTimeTabComponent.

    src/app/features/pdt/components/pdt-time-tab.component.ts:23:15:
[37m      23 Γöé   templateUrl: [32m'./pdt-time-tab.component.html'[37m,
         Γò╡                [32m~~~~~~~~~~~~~~~~~~~~~~~~~~~~~~~[0m


[31mX [41;31m[[41;97mERROR[41;31m][0m [1mTS4111: Property 'calendar' comes from an index signature, so it must 
be accessed with ['calendar'].[0m [1m[35m[plugin angular-compiler][0m

    src/app/features/pdt/components/pdt-time-tab.component.html:71:46:
[37m      71 Γöé ...  <lucide-icon [img]="icons.[32mcalendar[37m" class="w-4 h-4"></lucide-...
         Γò╡                                [32m~~~~~~~~[0m

  Error occurs in the template of component PdtTimeTabComponent.

    src/app/features/pdt/components/pdt-time-tab.component.ts:23:15:
[37m      23 Γöé   templateUrl: [32m'./pdt-time-tab.component.html'[37m,
         Γò╡                [32m~~~~~~~~~~~~~~~~~~~~~~~~~~~~~~~[0m


[31mX [41;31m[[41;97mERROR[41;31m][0m [1mTS4111: Property 'pencilLine' comes from an index signature, so it must 
be accessed with ['pencilLine'].[0m [1m[35m[plugin angular-compiler][0m

    src/app/features/pdt/components/pdt-time-tab.component.html:74:46:
[37m      74 Γöé ... <lucide-icon [img]="icons.[32mpencilLine[37m" class="w-4 h-4"></lucide...
         Γò╡                               [32m~~~~~~~~~~[0m

  Error occurs in the template of component PdtTimeTabComponent.

    src/app/features/pdt/components/pdt-time-tab.component.ts:23:15:
[37m      23 Γöé   templateUrl: [32m'./pdt-time-tab.component.html'[37m,
         Γò╡                [32m~~~~~~~~~~~~~~~~~~~~~~~~~~~~~~~[0m


[31mX [41;31m[[41;97mERROR[41;31m][0m [1mTS4111: Property 'trash2' comes from an index signature, so it must be 
accessed with ['trash2'].[0m [1m[35m[plugin angular-compiler][0m

    src/app/features/pdt/components/pdt-time-tab.component.html:77:46:
[37m      77 Γöé ...   <lucide-icon [img]="icons.[32mtrash2[37m" class="w-4 h-4"></lucide-i...
         Γò╡                                 [32m~~~~~~[0m

  Error occurs in the template of component PdtTimeTabComponent.

    src/app/features/pdt/components/pdt-time-tab.component.ts:23:15:
[37m      23 Γöé   templateUrl: [32m'./pdt-time-tab.component.html'[37m,
         Γò╡                [32m~~~~~~~~~~~~~~~~~~~~~~~~~~~~~~~[0m


[31mX [41;31m[[41;97mERROR[41;31m][0m [1mTS4111: Property 'x' comes from an index signature, so it must be 
accessed with ['x'].[0m [1m[35m[plugin angular-compiler][0m

    src/app/features/pdt/components/pdt-time-tab.component.html:105:135:
[37m      105 Γöé ...ion"><lucide-icon [img]="icons.[32mx[37m" class="w-6 h-6"></lucide-ico...
          Γò╡                                   [32m^[0m

  Error occurs in the template of component PdtTimeTabComponent.

    src/app/features/pdt/components/pdt-time-tab.component.ts:23:15:
[37m      23 Γöé   templateUrl: [32m'./pdt-time-tab.component.html'[37m,
         Γò╡                [32m~~~~~~~~~~~~~~~~~~~~~~~~~~~~~~~[0m


[31mX [41;31m[[41;97mERROR[41;31m][0m [1mTS4111: Property 'x' comes from an index signature, so it must be 
accessed with ['x'].[0m [1m[35m[plugin angular-compiler][0m

    src/app/features/pdt/components/pdt-time-tab.component.html:153:132:
[37m      153 Γöé ...ion"><lucide-icon [img]="icons.[32mx[37m" class="w-6 h-6"></lucide-ico...
          Γò╡                                   [32m^[0m

  Error occurs in the template of component PdtTimeTabComponent.

    src/app/features/pdt/components/pdt-time-tab.component.ts:23:15:
[37m      23 Γöé   templateUrl: [32m'./pdt-time-tab.component.html'[37m,
         Γò╡                [32m~~~~~~~~~~~~~~~~~~~~~~~~~~~~~~~[0m


[31mX [41;31m[[41;97mERROR[41;31m][0m [1mTS4111: Property 'plus' comes from an index signature, so it must be 
accessed with ['plus'].[0m [1m[35m[plugin angular-compiler][0m

    src/app/features/pdt/components/pdt-time-tab.component.html:158:38:
[37m      158 Γöé ...   <lucide-icon [img]="icons.[32mplus[37m" class="w-4 h-4"></lucide-ic...
          Γò╡                                 [32m~~~~[0m

  Error occurs in the template of component PdtTimeTabComponent.

    src/app/features/pdt/components/pdt-time-tab.component.ts:23:15:
[37m      23 Γöé   templateUrl: [32m'./pdt-time-tab.component.html'[37m,
         Γò╡                [32m~~~~~~~~~~~~~~~~~~~~~~~~~~~~~~~[0m


[31mX [41;31m[[41;97mERROR[41;31m][0m [1mTS4111: Property 'calendar' comes from an index signature, so it must 
be accessed with ['calendar'].[0m [1m[35m[plugin angular-compiler][0m

    src/app/features/pdt/components/pdt-time-tab.component.html:166:38:
[37m      166 Γöé ... <lucide-icon [img]="icons.[32mcalendar[37m" class="w-12 h-12 text-sla...
          Γò╡                               [32m~~~~~~~~[0m

  Error occurs in the template of component PdtTimeTabComponent.

    src/app/features/pdt/components/pdt-time-tab.component.ts:23:15:
[37m      23 Γöé   templateUrl: [32m'./pdt-time-tab.component.html'[37m,
         Γò╡                [32m~~~~~~~~~~~~~~~~~~~~~~~~~~~~~~~[0m


[31mX [41;31m[[41;97mERROR[41;31m][0m [1mTS4111: Property 'pencilLine' comes from an index signature, so it must 
be accessed with ['pencilLine'].[0m [1m[35m[plugin angular-compiler][0m

    src/app/features/pdt/components/pdt-time-tab.component.html:183:161:
[37m      183 Γöé ...<lucide-icon [img]="icons.[32mpencilLine[37m" class="w-4 h-4"></lucide...
          Γò╡                              [32m~~~~~~~~~~[0m

  Error occurs in the template of component PdtTimeTabComponent.

    src/app/features/pdt/components/pdt-time-tab.component.ts:23:15:
[37m      23 Γöé   templateUrl: [32m'./pdt-time-tab.component.html'[37m,
         Γò╡                [32m~~~~~~~~~~~~~~~~~~~~~~~~~~~~~~~[0m


[31mX [41;31m[[41;97mERROR[41;31m][0m [1mTS4111: Property 'trash2' comes from an index signature, so it must be 
accessed with ['trash2'].[0m [1m[35m[plugin angular-compiler][0m

    src/app/features/pdt/components/pdt-time-tab.component.html:184:151:
[37m      184 Γöé ..."><lucide-icon [img]="icons.[32mtrash2[37m" class="w-4 h-4"></lucide-i...
          Γò╡                                [32m~~~~~~[0m

  Error occurs in the template of component PdtTimeTabComponent.

    src/app/features/pdt/components/pdt-time-tab.component.ts:23:15:
[37m      23 Γöé   templateUrl: [32m'./pdt-time-tab.component.html'[37m,
         Γò╡                [32m~~~~~~~~~~~~~~~~~~~~~~~~~~~~~~~[0m


[31mX [41;31m[[41;97mERROR[41;31m][0m [1mTS4111: Property 'x' comes from an index signature, so it must be 
accessed with ['x'].[0m [1m[35m[plugin angular-compiler][0m

    src/app/features/pdt/components/pdt-time-tab.component.html:223:132:
[37m      223 Γöé ...ion"><lucide-icon [img]="icons.[32mx[37m" class="w-6 h-6"></lucide-ico...
          Γò╡                                   [32m^[0m

  Error occurs in the template of component PdtTimeTabComponent.

    src/app/features/pdt/components/pdt-time-tab.component.ts:23:15:
[37m      23 Γöé   templateUrl: [32m'./pdt-time-tab.component.html'[37m,
         Γò╡                [32m~~~~~~~~~~~~~~~~~~~~~~~~~~~~~~~[0m


[31mX [41;31m[[41;97mERROR[41;31m][0m [1mTS4111: Property 'plus' comes from an index signature, so it must be 
accessed with ['plus'].[0m [1m[35m[plugin angular-compiler][0m

    src/app/features/pdt/components/pdt-topics-tab.component.html:12:32:
[37m      12 Γöé       <lucide-icon [img]="icons.[32mplus[37m" class="w-4 h-4"></lucide-icon>
         Γò╡                                 [32m~~~~[0m

  Error occurs in the template of component PdtTopicsTabComponent.

    src/app/features/pdt/components/pdt-topics-tab.component.ts:15:15:
[37m      15 Γöé   templateUrl: [32m'./pdt-topics-tab.component.html'[37m,
         Γò╡                [32m~~~~~~~~~~~~~~~~~~~~~~~~~~~~~~~~~[0m


[31mX [41;31m[[41;97mERROR[41;31m][0m [1mTS4111: Property 'plus' comes from an index signature, so it must be 
accessed with ['plus'].[0m [1m[35m[plugin angular-compiler][0m

    src/app/features/pdt/components/pdt-topics-tab.component.html:20:34:
[37m      20 Γöé ...    <lucide-icon [img]="icons.[32mplus[37m" class="w-5 h-5"></lucide-icon>
         Γò╡                                  [32m~~~~[0m

  Error occurs in the template of component PdtTopicsTabComponent.

    src/app/features/pdt/components/pdt-topics-tab.component.ts:15:15:
[37m      15 Γöé   templateUrl: [32m'./pdt-topics-tab.component.html'[37m,
         Γò╡                [32m~~~~~~~~~~~~~~~~~~~~~~~~~~~~~~~~~[0m


[31mX [41;31m[[41;97mERROR[41;31m][0m [1mTS4111: Property 'save' comes from an index signature, so it must be 
accessed with ['save'].[0m [1m[35m[plugin angular-compiler][0m

    src/app/features/pdt/components/pdt-topics-tab.component.html:82:34:
[37m      82 Γöé ...    <lucide-icon [img]="icons.[32msave[37m" class="w-4 h-4"></lucide-icon>
         Γò╡                                  [32m~~~~[0m

  Error occurs in the template of component PdtTopicsTabComponent.

    src/app/features/pdt/components/pdt-topics-tab.component.ts:15:15:
[37m      15 Γöé   templateUrl: [32m'./pdt-topics-tab.component.html'[37m,
         Γò╡                [32m~~~~~~~~~~~~~~~~~~~~~~~~~~~~~~~~~[0m


[31mX [41;31m[[41;97mERROR[41;31m][0m [1mTS4111: Property 'pencilLine' comes from an index signature, so it must 
be accessed with ['pencilLine'].[0m [1m[35m[plugin angular-compiler][0m

    src/app/features/pdt/components/pdt-topics-tab.component.html:135:42:
[37m      135 Γöé ...<lucide-icon [img]="icons.[32mpencilLine[37m" class="w-4 h-4"></lucide...
          Γò╡                              [32m~~~~~~~~~~[0m

  Error occurs in the template of component PdtTopicsTabComponent.

    src/app/features/pdt/components/pdt-topics-tab.component.ts:15:15:
[37m      15 Γöé   templateUrl: [32m'./pdt-topics-tab.component.html'[37m,
         Γò╡                [32m~~~~~~~~~~~~~~~~~~~~~~~~~~~~~~~~~[0m


[31mX [41;31m[[41;97mERROR[41;31m][0m [1mTS4111: Property 'fileText' comes from an index signature, so it must 
be accessed with ['fileText'].[0m [1m[35m[plugin angular-compiler][0m

    src/app/features/progress-report/progress-report.component.html:32:46:
[37m      32 Γöé ...  <lucide-icon [img]="icons.[32mfileText[37m" class="w-6 h-6"></lucide-...
         Γò╡                                [32m~~~~~~~~[0m

  Error occurs in the template of component ProgressReportComponent.

    src/app/features/progress-report/progress-report.component.ts:25:15:
[37m      25 Γöé   templateUrl: [32m'./progress-report.component.html'[37m,
         Γò╡                [32m~~~~~~~~~~~~~~~~~~~~~~~~~~~~~~~~~~[0m


[31mX [41;31m[[41;97mERROR[41;31m][0m [1mTS4111: Property 'uploadCloud' comes from an index signature, so it 
must be accessed with ['uploadCloud'].[0m [1m[35m[plugin angular-compiler][0m

    src/app/features/progress-report/progress-report.component.html:63:46:
[37m      63 Γöé ...<lucide-icon [img]="icons.[32muploadCloud[37m" class="w-5 h-5"></lucide...
         Γò╡                              [32m~~~~~~~~~~~[0m

  Error occurs in the template of component ProgressReportComponent.

    src/app/features/progress-report/progress-report.component.ts:25:15:
[37m      25 Γöé   templateUrl: [32m'./progress-report.component.html'[37m,
         Γò╡                [32m~~~~~~~~~~~~~~~~~~~~~~~~~~~~~~~~~~[0m


[31mX [41;31m[[41;97mERROR[41;31m][0m [1mTS4111: Property 'users' comes from an index signature, so it must be 
accessed with ['users'].[0m [1m[35m[plugin angular-compiler][0m

    src/app/features/topic-registration/topic-registration.component.html:128:44:
[37m      128 Γöé ...   <lucide-icon [img]="icons.[32musers[37m" class="w-32 h-32"></lucide...
          Γò╡                                 [32m~~~~~[0m

  Error occurs in the template of component TopicRegistrationComponent.

    src/app/features/topic-registration/topic-registration.component.ts:31:15:
[37m      31 Γöé   templateUrl: [32m'./topic-registration.component.html'[37m,
         Γò╡                [32m~~~~~~~~~~~~~~~~~~~~~~~~~~~~~~~~~~~~~[0m


[31mX [41;31m[[41;97mERROR[41;31m][0m [1mTS4111: Property 'externalLink' comes from an index signature, so it 
must be accessed with ['externalLink'].[0m [1m[35m[plugin angular-compiler][0m

    src/app/features/topic-review/topic-review.component.html:49:49:
[37m      49 Γöé ...<lucide-icon [img]="icons.[32mexternalLink[37m" class="w-5 h-5"></lucid...
         Γò╡                              [32m~~~~~~~~~~~~[0m

  Error occurs in the template of component TopicReviewComponent.

    src/app/features/topic-review/topic-review.component.ts:27:15:
[37m      27 Γöé   templateUrl: [32m'./topic-review.component.html'[37m,
         Γò╡                [32m~~~~~~~~~~~~~~~~~~~~~~~~~~~~~~~[0m


[31mX [41;31m[[41;97mERROR[41;31m][0m [1mTS4111: Property 'graduationCap' comes from an index signature, so it 
must be accessed with ['graduationCap'].[0m [1m[35m[plugin angular-compiler][0m

    src/app/shared/components/app-header/app-header.component.ts:17:38:
[37m      17 Γöé ...lucide-icon [img]="icons.[32mgraduationCap[37m" class="w-6 h-6"></lucid...
         Γò╡                             [32m~~~~~~~~~~~~~[0m


[31mX [41;31m[[41;97mERROR[41;31m][0m [1mTS4111: Property 'calendar' comes from an index signature, so it must 
be accessed with ['calendar'].[0m [1m[35m[plugin angular-compiler][0m

    src/app/shared/components/app-header/app-header.component.ts:26:38:
[37m      26 Γöé ...  <lucide-icon [img]="icons.[32mcalendar[37m" class="w-4 h-4"></lucide-...
         Γò╡                                [32m~~~~~~~~[0m


[31mX [41;31m[[41;97mERROR[41;31m][0m [1mTS4111: Property 'bell' comes from an index signature, so it must be 
accessed with ['bell'].[0m [1m[35m[plugin angular-compiler][0m

    src/app/shared/components/app-header/app-header.component.ts:36:40:
[37m      36 Γöé ...    <lucide-icon [img]="icons.[32mbell[37m" class="w-4 h-4"></lucide-icon>
         Γò╡                                  [32m~~~~[0m


[31mX [41;31m[[41;97mERROR[41;31m][0m [1mTS4111: Property 'logOut' comes from an index signature, so it must be 
accessed with ['logOut'].[0m [1m[35m[plugin angular-compiler][0m

    src/app/shared/components/app-header/app-header.component.ts:68:38:
[37m      68 Γöé ...   <lucide-icon [img]="icons.[32mlogOut[37m" class="w-4 h-4"></lucide-i...
         Γò╡                                 [32m~~~~~~[0m


[31mX [41;31m[[41;97mERROR[41;31m][0m [1mTS4111: Property 'map' comes from an index signature, so it must be 
accessed with ['map'].[0m [1m[35m[plugin angular-compiler][0m

    src/app/shared/components/project-timeline/project-timeline.component.html:6:32:
[37m      6 Γöé       <lucide-icon [img]="icons.[32mmap[37m" class="w-5 h-5 text-blue-600">...
        Γò╡                                 [32m~~~[0m

  Error occurs in the template of component ProjectTimelineComponent.

    src/app/shared/components/project-timeline/project-timeline.component.ts:14:15:
[37m      14 Γöé   templateUrl: [32m'./project-timeline.component.html'[37m,
         Γò╡                [32m~~~~~~~~~~~~~~~~~~~~~~~~~~~~~~~~~~~[0m


[31mX [41;31m[[41;97mERROR[41;31m][0m [1mTS4111: Property 'check' comes from an index signature, so it must be 
accessed with ['check'].[0m [1m[35m[plugin angular-compiler][0m

    src/app/shared/components/project-timeline/project-timeline.component.html:22:36:
[37m      22 Γöé ...   <lucide-icon [img]="icons.[32mcheck[37m" class="w-3.5 h-3.5 text-gre...
         Γò╡                                 [32m~~~~~[0m

  Error occurs in the template of component ProjectTimelineComponent.

    src/app/shared/components/project-timeline/project-timeline.component.ts:14:15:
[37m      14 Γöé   templateUrl: [32m'./project-timeline.component.html'[37m,
         Γò╡                [32m~~~~~~~~~~~~~~~~~~~~~~~~~~~~~~~~~~~[0m


[31mX [41;31m[[41;97mERROR[41;31m][0m [1mTS4111: Property 'clock3' comes from an index signature, so it must be 
accessed with ['clock3'].[0m [1m[35m[plugin angular-compiler][0m

    src/app/shared/components/project-timeline/project-timeline.component.html:57:34:
[37m      57 Γöé ...   <lucide-icon [img]="icons.[32mclock3[37m" class="w-3 h-3"></lucide-i...
         Γò╡                                 [32m~~~~~~[0m

  Error occurs in the template of component ProjectTimelineComponent.

    src/app/shared/components/project-timeline/project-timeline.component.ts:14:15:
[37m      14 Γöé   templateUrl: [32m'./project-timeline.component.html'[37m,
         Γò╡                [32m~~~~~~~~~~~~~~~~~~~~~~~~~~~~~~~~~~~[0m


[31mX [41;31m[[41;97mERROR[41;31m][0m [1mTS4111: Property 'arrowRight' comes from an index signature, so it must 
be accessed with ['arrowRight'].[0m [1m[35m[plugin angular-compiler][0m

    src/app/shared/components/project-timeline/project-timeline.component.html:86:34:
[37m      86 Γöé ... <lucide-icon [img]="icons.[32marrowRight[37m" class="w-3 h-3 text-slat...
         Γò╡                               [32m~~~~~~~~~~[0m

  Error occurs in the template of component ProjectTimelineComponent.

    src/app/shared/components/project-timeline/project-timeline.component.ts:14:15:
[37m      14 Γöé   templateUrl: [32m'./project-timeline.component.html'[37m,
         Γò╡                [32m~~~~~~~~~~~~~~~~~~~~~~~~~~~~~~~~~~~[0m

[39m[22m
